Microsoft Windows [Version 10.0.22631.5189]
(c) Microsoft Corporation. All rights reserved.

C:\Users\Admin>docker --version
Docker version 28.0.1, build 068a01e

C:\Users\Admin>docker info
Client:
 Version:    28.0.1
 Context:    desktop-linux
 Debug Mode: false
 Plugins:
  ai: Docker AI Agent - Ask Gordon (Docker Inc.)
    Version:  v0.9.4
    Path:     C:\Program Files\Docker\cli-plugins\docker-ai.exe
  buildx: Docker Buildx (Docker Inc.)
    Version:  v0.21.1-desktop.2
    Path:     C:\Program Files\Docker\cli-plugins\docker-buildx.exe
  compose: Docker Compose (Docker Inc.)
    Version:  v2.33.1-desktop.1
    Path:     C:\Program Files\Docker\cli-plugins\docker-compose.exe
  debug: Get a shell into any image or container (Docker Inc.)
    Version:  0.0.38
    Path:     C:\Program Files\Docker\cli-plugins\docker-debug.exe
  desktop: Docker Desktop commands (Beta) (Docker Inc.)
    Version:  v0.1.5
    Path:     C:\Program Files\Docker\cli-plugins\docker-desktop.exe
  dev: Docker Dev Environments (Docker Inc.)
    Version:  v0.1.2
    Path:     C:\Program Files\Docker\cli-plugins\docker-dev.exe
  extension: Manages Docker extensions (Docker Inc.)
    Version:  v0.2.27
    Path:     C:\Program Files\Docker\cli-plugins\docker-extension.exe
  feedback: Provide feedback, right in your terminal! (Docker Inc.)
    Version:  v1.0.5
    Path:     C:\Program Files\Docker\cli-plugins\docker-feedback.exe
  init: Creates Docker-related starter files for your project (Docker Inc.)
    Version:  v1.4.0
    Path:     C:\Program Files\Docker\cli-plugins\docker-init.exe
  sbom: View the packaged-based Software Bill Of Materials (SBOM) for an image (Anchore Inc.)
    Version:  0.6.0
    Path:     C:\Program Files\Docker\cli-plugins\docker-sbom.exe
  scout: Docker Scout (Docker Inc.)
    Version:  v1.16.3
    Path:     C:\Program Files\Docker\cli-plugins\docker-scout.exe

Server:
 Containers: 2
  Running: 0
  Paused: 0
  Stopped: 2
 Images: 2
 Server Version: 28.0.1
 Storage Driver: overlay2
  Backing Filesystem: extfs
  Supports d_type: true
  Using metacopy: false
  Native Overlay Diff: true
  userxattr: false
 Logging Driver: json-file
 Cgroup Driver: cgroupfs
 Cgroup Version: 1
 Plugins:
  Volume: local
  Network: bridge host ipvlan macvlan null overlay
  Log: awslogs fluentd gcplogs gelf journald json-file local splunk syslog
 CDI spec directories:
  /etc/cdi
  /var/run/cdi
 Swarm: inactive
 Runtimes: io.containerd.runc.v2 nvidia runc
 Default Runtime: runc
 Init Binary: docker-init
 containerd version: bcc810d6b9066471b0b6fa75f557a15a1cbf31bb
 runc version: v1.2.4-0-g6c52b3f
 init version: de40ad0
 Security Options:
  seccomp
   Profile: unconfined
 Kernel Version: 5.15.167.4-microsoft-standard-WSL2
 Operating System: Docker Desktop
 OSType: linux
 Architecture: x86_64
 CPUs: 8
 Total Memory: 11.58GiB
 Name: docker-desktop
 ID: e35935e7-108b-457c-9c38-a947f0064d96
 Docker Root Dir: /var/lib/docker
 Debug Mode: false
 HTTP Proxy: http.docker.internal:3128
 HTTPS Proxy: http.docker.internal:3128
 No Proxy: hubproxy.docker.internal
 Labels:
  com.docker.desktop.address=npipe://\\.\pipe\docker_cli
 Experimental: false
 Insecure Registries:
  hubproxy.docker.internal:5555
  ::1/128
  127.0.0.0/8
 Live Restore Enabled: false

WARNING: No blkio throttle.read_bps_device support
WARNING: No blkio throttle.write_bps_device support
WARNING: No blkio throttle.read_iops_device support
WARNING: No blkio throttle.write_iops_device support
WARNING: daemon is not using the default seccomp profile

C:\Users\Admin>notepad

C:\Users\Admin>notepad

C:\Users\Admin>notepad

C:\Users\Admin>docker build -t web-image:v1 .
[+] Building 0.1s (1/1) FINISHED                                                                   docker:desktop-linux
 => [internal] load build definition from Dockerfile                                                               0.0s
 => => transferring dockerfile: 2B                                                                                 0.0s
ERROR: failed to solve: failed to read dockerfile: open Dockerfile: no such file or directory

C:\Users\Admin>cd C:\Users\Admin\OneDrive\Desktop\RGIAgrotech

C:\Users\Admin\OneDrive\Desktop\RGIAgrotech>docker build -t web-image:v1 .
[+] Building 12.5s (8/8) FINISHED                                                                  docker:desktop-linux
 => [internal] load build definition from Dockerfile                                                               0.1s
 => => transferring dockerfile: 356B                                                                               0.0s
 => [internal] load metadata for docker.io/library/nginx:alpine                                                    6.1s
 => [auth] library/nginx:pull token for registry-1.docker.io                                                       0.0s
 => [internal] load .dockerignore                                                                                  0.1s
 => => transferring context: 2B                                                                                    0.0s
 => [internal] load build context                                                                                  0.0s
 => => transferring context: 3.96kB                                                                                0.0s
 => [1/2] FROM docker.io/library/nginx:alpine@sha256:65645c7bb6a0661892a8b03b89d0743208a18dd2f3f17a54ef4b76fb8e2f  5.9s
 => => resolve docker.io/library/nginx:alpine@sha256:65645c7bb6a0661892a8b03b89d0743208a18dd2f3f17a54ef4b76fb8e2f  0.0s
 => => sha256:62223d644fa234c3a1cc785ee14242ec47a77364226f1c811d2f669f96dc2ac8 2.50kB / 2.50kB                     0.0s
 => => sha256:65645c7bb6a0661892a8b03b89d0743208a18dd2f3f17a54ef4b76fb8e2f2a10 10.33kB / 10.33kB                   0.0s
 => => sha256:61ca4f733c802afd9e05a32f0de0361b6d713b8b53292dc15fb093229f648674 1.79MB / 1.79MB                     1.6s
 => => sha256:b464cfdf2a6319875aeb27359ec549790ce14d8214fcb16ef915e4530e5ed235 629B / 629B                         0.5s
 => => sha256:d7e5070240863957ebb0b5a44a5729963c3462666baa2947d00628cb5f2d5773 955B / 955B                         0.9s
 => => sha256:6769dc3a703c719c1d2756bda113659be28ae16cf0da58dd5fd823d6b9a050ea 10.79kB / 10.79kB                   0.0s
 => => sha256:81bd8ed7ec6789b0cb7f1b47ee731c522f6dba83201ec73cd6bca1350f582948 402B / 402B                         1.6s
 => => sha256:197eb75867ef4fcecd4724f17b0972ab0489436860a594a9445f8eaff8155053 1.21kB / 1.21kB                     1.8s
 => => extracting sha256:61ca4f733c802afd9e05a32f0de0361b6d713b8b53292dc15fb093229f648674                          0.1s
 => => sha256:34a64644b756511a2e217f0508e11d1a572085d66cd6dc9a555a082ad49a3102 1.40kB / 1.40kB                     2.0s
 => => sha256:39c2ddfd6010082a4a646e7ca44e95aca9bf3eaebc00f17f7ccc2954004f2a7d 15.52MB / 15.52MB                   3.5s
 => => extracting sha256:b464cfdf2a6319875aeb27359ec549790ce14d8214fcb16ef915e4530e5ed235                          0.0s
 => => extracting sha256:d7e5070240863957ebb0b5a44a5729963c3462666baa2947d00628cb5f2d5773                          0.0s
 => => extracting sha256:81bd8ed7ec6789b0cb7f1b47ee731c522f6dba83201ec73cd6bca1350f582948                          0.0s
 => => extracting sha256:197eb75867ef4fcecd4724f17b0972ab0489436860a594a9445f8eaff8155053                          0.0s
 => => extracting sha256:34a64644b756511a2e217f0508e11d1a572085d66cd6dc9a555a082ad49a3102                          0.0s
 => => extracting sha256:39c2ddfd6010082a4a646e7ca44e95aca9bf3eaebc00f17f7ccc2954004f2a7d                          2.0s
 => [2/2] COPY . /usr/share/nginx/html                                                                             0.1s
 => exporting to image                                                                                             0.1s
 => => exporting layers                                                                                            0.0s
 => => writing image sha256:71f982762fd07cbf867876770dcebd72ad5632c1491aa3705f24a3ea0413e41a                       0.0s
 => => naming to docker.io/library/web-image:v1                                                                    0.0s

C:\Users\Admin\OneDrive\Desktop\RGIAgrotech>docker run -d -p 8088:80 my-static-site
Unable to find image 'my-static-site:latest' locally
docker: Error response from daemon: pull access denied for my-static-site, repository does not exist or may require 'docker login': denied: requested access to the resource is denied

Run 'docker run --help' for more information

C:\Users\Admin\OneDrive\Desktop\RGIAgrotech>docker run -d -p 8080:80 my-static-site
Unable to find image 'my-static-site:latest' locally
docker: Error response from daemon: pull access denied for my-static-site, repository does not exist or may require 'docker login': denied: requested access to the resource is denied

Run 'docker run --help' for more information

C:\Users\Admin\OneDrive\Desktop\RGIAgrotech>docker run -d -p 8080:80 web-image:v1
fd49a96d115af99a37a3f802641efdbfae655c819a25e9496da4d0c518d7b6e9

C:\Users\Admin\OneDrive\Desktop\RGIAgrotech>docker run -d -p 8081:80 web-image:v1
90af1cccb79bc63da953a7424cff14d56168a2b02d23c46198f119b80ac39306

C:\Users\Admin\OneDrive\Desktop\RGIAgrotech>docker run -d -p 8088:80 web-image:v1
cd460e095d8da593de2665be82c904f088476aaccc1e0c4572572f5ca33573da

C:\Users\Admin\OneDrive\Desktop\RGIAgrotech>cd C:\Users\Admin\OneDrive\Desktop\flask-docker-app

C:\Users\Admin\OneDrive\Desktop\flask-docker-app>docker pull ubuntu
Using default tag: latest
latest: Pulling from library/ubuntu
2726e237d1a3: Pull complete
Digest: sha256:1e622c5f073b4f6bfad6632f2616c7f59ef256e96fe78bf6a595d1dc4376ac02
Status: Downloaded newer image for ubuntu:latest
docker.io/library/ubuntu:latest

C:\Users\Admin\OneDrive\Desktop\flask-docker-app>docker run -it ubuntu
root@b3085bd15611:/# exit
exit

C:\Users\Admin\OneDrive\Desktop\flask-docker-app>notepad

C:\Users\Admin\OneDrive\Desktop\flask-docker-app>docker build -t my-flask-app .
[+] Building 51.5s (10/10) FINISHED                                                                docker:desktop-linux
 => [internal] load build definition from Dockerfile                                                               0.1s
 => => transferring dockerfile: 276B                                                                               0.0s
 => [internal] load metadata for docker.io/library/python:3.9                                                      4.4s
 => [auth] library/python:pull token for registry-1.docker.io                                                      0.0s
 => [internal] load .dockerignore                                                                                  0.1s
 => => transferring context: 2B                                                                                    0.0s
 => [1/4] FROM docker.io/library/python:3.9@sha256:a847112640804ed2d03bb774d46bb1619bd37862fb2b7e48eebe425a168c1  35.2s
 => => resolve docker.io/library/python:3.9@sha256:a847112640804ed2d03bb774d46bb1619bd37862fb2b7e48eebe425a168c15  0.1s
 => => sha256:a847112640804ed2d03bb774d46bb1619bd37862fb2b7e48eebe425a168c153b 10.35kB / 10.35kB                   0.0s
 => => sha256:2d43b6fe192fd26faaf19e07bfd462e6bf9b7aa0348e573fa261bff440ce4961 2.32kB / 2.32kB                     0.0s
 => => sha256:a232e68add188c780f143918c36677c3defdc8a358e54665e03c2c6bd868eff9 6.18kB / 6.18kB                     0.0s
 => => sha256:23b7d26ef1d294256da0d70ce374277b9aab5ca683015073316005cb63d33849 48.49MB / 48.49MB                   9.3s
 => => sha256:07d1b5af933d2dfc3d0dd509d6e20534825e4a537f7b006a6cb5b8e5a1f20905 24.01MB / 24.01MB                   1.9s
 => => sha256:1eb98adba0eb44a2e4facf9ca3626a4a66feedd0dd56d159cca90a35205744e7 64.40MB / 64.40MB                   8.2s
 => => sha256:b617a119f8a27982374d94ec6eb3738ae3d38d6fc2c34c865813926cf596a621 211.33MB / 211.33MB                17.4s
 => => sha256:5893f2eb5418ad35eb72d79548d6a2689599e97b3ea3ab0efa6babc3c261d537 6.16MB / 6.16MB                     9.4s
 => => sha256:b25c426204f45b8436d684dea65578794f4f7b8f1148dd89aaa85ef1393212ea 19.85MB / 19.85MB                  11.5s
 => => sha256:cc381eaa3a998eda575c9d732b81eece7d103a1c7114a4a21bca12086db769f0 249B / 249B                        10.2s
 => => extracting sha256:23b7d26ef1d294256da0d70ce374277b9aab5ca683015073316005cb63d33849                          5.9s
 => => extracting sha256:07d1b5af933d2dfc3d0dd509d6e20534825e4a537f7b006a6cb5b8e5a1f20905                          1.4s
 => => extracting sha256:1eb98adba0eb44a2e4facf9ca3626a4a66feedd0dd56d159cca90a35205744e7                          4.0s
 => => extracting sha256:b617a119f8a27982374d94ec6eb3738ae3d38d6fc2c34c865813926cf596a621                         10.5s
 => => extracting sha256:5893f2eb5418ad35eb72d79548d6a2689599e97b3ea3ab0efa6babc3c261d537                          0.6s
 => => extracting sha256:b25c426204f45b8436d684dea65578794f4f7b8f1148dd89aaa85ef1393212ea                          1.9s
 => => extracting sha256:cc381eaa3a998eda575c9d732b81eece7d103a1c7114a4a21bca12086db769f0                          0.0s
 => [internal] load build context                                                                                  0.1s
 => => transferring context: 222B                                                                                  0.0s
 => [2/4] WORKDIR /app                                                                                             1.5s
 => [3/4] COPY app.py /app                                                                                         0.1s
 => [4/4] RUN pip install flask                                                                                    9.4s
 => exporting to image                                                                                             0.5s
 => => exporting layers                                                                                            0.5s
 => => writing image sha256:068b5200d383a69a61a3519d842e76e8c3c0b04e5cbfff77d9daf1c73419d0ae                       0.0s
 => => naming to docker.io/library/my-flask-app                                                                    0.0s

C:\Users\Admin\OneDrive\Desktop\flask-docker-app>docker run -p 5000:5000 my-flask-app
 * Serving Flask app 'app'
 * Debug mode: off
WARNING: This is a development server. Do not use it in a production deployment. Use a production WSGI server instead.
 * Running on all addresses (0.0.0.0)
 * Running on http://127.0.0.1:5000
 * Running on http://172.17.0.5:5000
Press CTRL+C to quit
172.17.0.1 - - [24/Apr/2025 18:26:35] "GET / HTTP/1.1" 200 -
172.17.0.1 - - [24/Apr/2025 18:26:35] "GET /favicon.ico HTTP/1.1" 404 -

C:\Users\Admin\OneDrive\Desktop\flask-docker-app>docker run -p 5000:5000 my-flask-app           